2026-09-07T16:00:12Z INF Thank you for trying Cloudflare Tunnel. Doing so, without a Cloudflare account, is a quick way to experiment and try it out. However, be aware that these account-less Tunnels have no uptime guarantee, are subject to the Cloudflare Online Services Terms of Use (https://www.cloudflare.com/website-terms/), and Cloudflare reserves the right to investigate your use of Tunnels for violations of such terms. If you intend to use Tunnels in production you should use a pre-created named tunnel by following: https://developers.cloudflare.com/cloudflare-one/connections/connect-apps
2026-09-07T16:00:12Z INF Requesting new quick Tunnel on trycloudflare.com...
2026-09-07T16:00:16Z INF +--------------------------------------------------------------------------------------------+
2026-09-07T16:00:16Z INF |  Your quick Tunnel has been created! Visit it at (it may take some time to be reachable):  |
2026-09-07T16:00:16Z INF |  https://absolutely-boxes-knowing-intelligence.trycloudflare.com                           |
2026-09-07T16:00:16Z INF +--------------------------------------------------------------------------------------------+
2026-09-07T16:00:16Z INF Cannot determine default configuration path. No file [config.yml config.yaml] in [~/.cloudflared ~/.cloudflare-warp ~/cloudflare-warp /etc/cloudflared /usr/local/etc/cloudflared]
2026-09-07T16:00:16Z INF Version 2026.8.3 (Checksum f29324fe934d1e100617484c78deef803c4dc2cd351d645bbde42e96b4fccc5e)
2026-09-07T16:00:16Z INF GOOS: linux, GOVersion: go1.26.4, GoArch: amd64
2026-09-07T16:00:16Z INF Settings: map[ha-connections:1 no-autoupdate:true protocol:quic url:http://127.0.0.1:8902]
2026-09-07T16:00:16Z INF cloudflared will not automatically update if installed by a package manager.
2026-09-07T16:00:17Z INF Generated Connector ID: b1c74d6c-ffe7-4a56-b630-d9ea5af59b99
2026-09-07T16:00:17Z INF Initial protocol quic
2026-09-07T16:00:17Z INF ICMP proxy will use 192.168.2.20 as source for IPv4
2026-09-07T16:00:17Z INF ICMP proxy will use fe80::9461:cb16:1dc1:3d42 in zone wlp1s0 as source for IPv6
2026-09-07T16:00:17Z WRN The user running cloudflared process has a GID (group ID) that is not within ping_group_range. You might need to add that user to a group within that range, or instead update the range to encompass a group the user is already in by modifying /proc/sys/net/ipv4/ping_group_range. Otherwise cloudflared will not be able to ping this network error="Group ID 1000 is not between ping group 1 to 0"
2026-09-07T16:00:17Z WRN ICMP proxy feature is disabled error="cannot create ICMPv4 proxy: Group ID 1000 is not between ping group 1 to 0 nor ICMPv6 proxy: socket: permission denied"
2026-09-07T16:00:17Z INF ICMP proxy will use 192.168.2.20 as source for IPv4
2026-09-07T16:00:17Z INF ICMP proxy will use fe80::9461:cb16:1dc1:3d42 in zone wlp1s0 as source for IPv6
2026-09-07T16:00:17Z INF Starting metrics server on 127.0.0.1:20241/metrics
2026-09-07T16:00:17Z INF Tunnel connection curve preferences: [X25519MLKEM768 CurveID(65074) CurveP256] connIndex=0 event=0 ip=198.41.200.23
2026-09-07T16:00:17Z INF Registered tunnel connection connIndex=0 connection=0cb0ab07-dcab-4225-95db-bc6aba3bcbed event=0 ip=198.41.200.23 location=ewr12 protocol=quic
2026-09-07T16:00:23Z INF +-------------------------------------------------------------------------------------+
2026-09-07T16:00:23Z INF |                               CONNECTIVITY PRE-CHECKS                               |
2026-09-07T16:00:23Z INF +-------------------------------------------------------------------------------------+
2026-09-07T16:00:23Z INF |  COMPONENT         TARGET                     STATUS  DETAILS                       |
2026-09-07T16:00:23Z INF |  DNS Resolution    region1.v2.argotunnel.com  PASS    DNS Resolved successfully     |
2026-09-07T16:00:23Z INF |  DNS Resolution    region2.v2.argotunnel.com  PASS    DNS Resolved successfully     |
2026-09-07T16:00:23Z INF |  UDP Connectivity  region1.v2.argotunnel.com  PASS    QUIC connection successful    |
2026-09-07T16:00:23Z INF |  UDP Connectivity  region2.v2.argotunnel.com  PASS    QUIC connection successful    |
2026-09-07T16:00:23Z INF |  TCP Connectivity  region1.v2.argotunnel.com  PASS    HTTP/2 connection successful  |
2026-09-07T16:00:23Z INF |  TCP Connectivity  region2.v2.argotunnel.com  PASS    HTTP/2 connection successful  |
2026-09-07T16:00:23Z INF |  Cloudflare API    api.cloudflare.com:443     PASS    API is reachable              |
2026-09-07T16:00:23Z INF |                                                                                     |
2026-09-07T16:00:23Z INF |  SUMMARY: Environment is healthy. cloudflared will use 'quic' as primary protocol.  |
2026-09-07T16:00:23Z INF +-------------------------------------------------------------------------------------+
2026-09-07T16:00:23Z INF precheck component="DNS Resolution" details="DNS Resolved successfully" run_id=8371df34-8291-4472-ac13-dd89526f7bc7 status=pass target=region1.v2.argotunnel.com
2026-09-07T16:00:23Z INF precheck component="DNS Resolution" details="DNS Resolved successfully" run_id=8371df34-8291-4472-ac13-dd89526f7bc7 status=pass target=region2.v2.argotunnel.com
2026-09-07T16:00:23Z INF precheck component="UDP Connectivity" details="QUIC connection successful" run_id=8371df34-8291-4472-ac13-dd89526f7bc7 status=pass target=region1.v2.argotunnel.com
2026-09-07T16:00:23Z INF precheck component="UDP Connectivity" details="QUIC connection successful" run_id=8371df34-8291-4472-ac13-dd89526f7bc7 status=pass target=region2.v2.argotunnel.com
2026-09-07T16:00:23Z INF precheck component="TCP Connectivity" details="HTTP/2 connection successful" run_id=8371df34-8291-4472-ac13-dd89526f7bc7 status=pass target=region1.v2.argotunnel.com
2026-09-07T16:00:23Z INF precheck component="TCP Connectivity" details="HTTP/2 connection successful" run_id=8371df34-8291-4472-ac13-dd89526f7bc7 status=pass target=region2.v2.argotunnel.com
2026-09-07T16:00:23Z INF precheck component="Cloudflare API" details="API is reachable" run_id=8371df34-8291-4472-ac13-dd89526f7bc7 status=pass target=api.cloudflare.com:443
2026-09-07T16:00:23Z INF precheck complete hard_fail=false run_id=8371df34-8291-4472-ac13-dd89526f7bc7 suggested_protocol=quic
